// 重构日志: b8108af6
// 重构日志: a77b766a
// 重构日志: 4a96b30d
// 重构日志: d3fb7820
// 重构日志: 17e2c2be
// 重构日志: 5ee045e6
// 重构日志: 6c61ec83
// 重构日志: a0cfffbe
// 重构日志: cbd66472
// 同步 ID: d8ca4e9f @ Wed Jul 22 00:48:04 UTC 2026
// 同步 ID: 7b50b469 @ Thu Jul 23 10:02:21 UTC 2026
// 重构日志: 0064e9bb
// 同步 ID: ddd48bc8 @ Sun Jul 26 09:29:57 UTC 2026
// 同步 ID: c9f71651 @ Mon Jul 27 11:43:15 UTC 2026
// 同步 ID: e1f81575 @ Mon Jul 27 18:16:39 UTC 2026
// 重构日志: a1a3c18e
// 重构日志: d1a9d2b4
// 重构日志: fe90fc56
// 重构日志: 253d4c21
// 同步 ID: 5a1fdb7d @ Thu Jul 30 20:56:13 UTC 2026
